../Core/Src/main.c:77:5:main	16	static
../Core/Src/main.c:134:6:SystemClock_Config	88	static
../Core/Src/main.c:180:13:MX_I2C1_Init	8	static
../Core/Src/main.c:214:13:MX_SPI1_Init	8	static
../Core/Src/main.c:252:13:MX_TIM2_Init	48	static
../Core/Src/main.c:301:13:MX_TIM3_Init	48	static
../Core/Src/main.c:350:13:MX_USART1_UART_Init	8	static
../Core/Src/main.c:383:13:MX_USB_OTG_FS_USB_Init	4	static
../Core/Src/main.c:404:13:MX_GPIO_Init	40	static
../Core/Src/main.c:457:6:Error_Handler	4	static,ignoring_inline_asm
